============================= test session starts ==============================
platform darwin -- Python 3.12.13, pytest-9.0.3, pluggy-1.6.0 -- /Users/dzwicker/user/miniconda3/envs/py3.12/bin/python3.12
cachedir: .pytest_cache
rootdir: /Users/dzwicker/Code/py-pde
configfile: pyproject.toml
plugins: zarr-3.2.1, cov-7.1.0, xdist-3.8.0, forked-1.6.0, anyio-4.13.0
collecting ... collected 1 item

tests/test_integration.py::test_pde_with_bc_setter[torch-cpu] FAILED     [100%]

=================================== FAILURES ===================================
______________________ test_pde_with_bc_setter[torch-cpu] ______________________

backend = TorchBackend(name='torch-cpu', device='cpu')

    @pytest.mark.parametrize(
        "backend", ["numpy", "numba", "torch-cpu", "jax-cpu"], indirect=True
    )
    def test_pde_with_bc_setter(backend):
        """Test a PDE with boundary conditions controlled by an explicit setter."""
    
        if backend.implementation == "jax":
    
            def setter(data, args=None):
                data = data.at[0, :].set(data[1, :])  # Neumann
                data = data.at[-1, :].set(2 * args["t"] - data[-2, :])  # Dirichlet ~ t
                data = data.at[:, 0].set(data[:, -2])  # periodic
                data = data.at[:, -1].set(data[:, 1])  # periodic
                return data
    
        else:  # torch, numpy, and numba backends
    
            def setter(data, args=None):
                data[0, :] = data[1, :]  # Neumann
                # data[-1, :] = 2 * args["t"] - data[-2, :]  # Dirichlet ~ t
                data[-1, :] = data[-2, :]  # Dirichlet ~ t
                data[:, 0] = data[:, -2]  # periodic
                data[:, -1] = data[:, 1]  # periodic
                return data
    
        field = ScalarField.random_normal(UnitGrid([4, 4], periodic=[False, True]))
    
        eq1 = DiffusionPDE(bc=setter)
>       res1 = eq1.solve(field, t_range=1.01, dt=0.1, backend=backend, tracker=None)
               ^^^^^^^^^^^^^^^^^^^^^^^^^^^^^^^^^^^^^^^^^^^^^^^^^^^^^^^^^^^^^^^^^^^^^

tests/test_integration.py:394: 
_ _ _ _ _ _ _ _ _ _ _ _ _ _ _ _ _ _ _ _ _ _ _ _ _ _ _ _ _ _ _ _ _ _ _ _ _ _ _ _ 
pde/pdes/base.py:553: in solve
    final_state = controller.run(state, dt)
                  ^^^^^^^^^^^^^^^^^^^^^^^^^
pde/solvers/controller.py:443: in run
    return self._run_serial(state, dt)
           ^^^^^^^^^^^^^^^^^^^^^^^^^^^
pde/solvers/controller.py:362: in _run_serial
    self._run_main_process(state, dt)
pde/solvers/controller.py:225: in _run_main_process
    t = stepper(state, t, t_next_action)
        ^^^^^^^^^^^^^^^^^^^^^^^^^^^^^^^^
pde/backends/torch/backend.py:652: in stepper
    state_tensor, t_last = inner_stepper(state_tensor, t_start, t_end)
                           ^^^^^^^^^^^^^^^^^^^^^^^^^^^^^^^^^^^^^^^^^^^
pde/backends/torch/_solvers.py:342: in fixed_stepper
    state_data = inner_solver(state_data, t_start, steps)
                 ^^^^^^^^^^^^^^^^^^^^^^^^^^^^^^^^^^^^^^^^
../../user/miniconda3/envs/py3.12/lib/python3.12/site-packages/torch/nn/modules/module.py:1779: in _wrapped_call_impl
    return self._call_impl(*args, **kwargs)
           ^^^^^^^^^^^^^^^^^^^^^^^^^^^^^^^^
../../user/miniconda3/envs/py3.12/lib/python3.12/site-packages/torch/nn/modules/module.py:1790: in _call_impl
    return forward_call(*args, **kwargs)
           ^^^^^^^^^^^^^^^^^^^^^^^^^^^^^
pde/backends/torch/_solvers.py:283: in forward
    state_data = self.stepper.single_step(state_data, t, self.dt)
                 ^^^^^^^^^^^^^^^^^^^^^^^^^^^^^^^^^^^^^^^^^^^^^^^^
pde/backends/torch/_solvers.py:149: in single_step
    return state_data + dt * self.rhs(state_data, t_device)
                             ^^^^^^^^^^^^^^^^^^^^^^^^^^^^^^
../../user/miniconda3/envs/py3.12/lib/python3.12/site-packages/torch/_dynamo/eval_frame.py:1038: in compile_wrapper
    raise e.remove_dynamo_frames() from None  # see TORCHDYNAMO_VERBOSE=1
    ^^^^^^^^^^^^^^^^^^^^^^^^^^^^^^^^^^^^^^^^
../../user/miniconda3/envs/py3.12/lib/python3.12/site-packages/torch/_inductor/compile_fx.py:1053: in _compile_fx_inner
    raise InductorError(e, currentframe()).with_traceback(
../../user/miniconda3/envs/py3.12/lib/python3.12/site-packages/torch/_inductor/compile_fx.py:1037: in _compile_fx_inner
    mb_compiled_graph = fx_codegen_and_compile(
../../user/miniconda3/envs/py3.12/lib/python3.12/site-packages/torch/_inductor/compile_fx.py:1798: in fx_codegen_and_compile
    return scheme.codegen_and_compile(gm, example_inputs, inputs_to_check, graph_kwargs)
           ^^^^^^^^^^^^^^^^^^^^^^^^^^^^^^^^^^^^^^^^^^^^^^^^^^^^^^^^^^^^^^^^^^^^^^^^^^^^^
../../user/miniconda3/envs/py3.12/lib/python3.12/site-packages/torch/_inductor/compile_fx.py:1570: in codegen_and_compile
    compiled_module = graph.compile_to_module()
                      ^^^^^^^^^^^^^^^^^^^^^^^^^
../../user/miniconda3/envs/py3.12/lib/python3.12/site-packages/torch/_inductor/graph.py:2499: in compile_to_module
    return self._compile_to_module()
           ^^^^^^^^^^^^^^^^^^^^^^^^^
../../user/miniconda3/envs/py3.12/lib/python3.12/site-packages/torch/_inductor/graph.py:2509: in _compile_to_module
    mod = self._compile_to_module_lines(wrapper_code)
          ^^^^^^^^^^^^^^^^^^^^^^^^^^^^^^^^^^^^^^^^^^^
../../user/miniconda3/envs/py3.12/lib/python3.12/site-packages/torch/_inductor/graph.py:2584: in _compile_to_module_lines
    mod = PyCodeCache.load_by_key_path(
../../user/miniconda3/envs/py3.12/lib/python3.12/site-packages/torch/_inductor/codecache.py:3764: in load_by_key_path
    mod = _reload_python_module(key, path, set_sys_modules=in_toplevel)
          ^^^^^^^^^^^^^^^^^^^^^^^^^^^^^^^^^^^^^^^^^^^^^^^^^^^^^^^^^^^^^
../../user/miniconda3/envs/py3.12/lib/python3.12/site-packages/torch/_inductor/runtime/compile_tasks.py:35: in _reload_python_module
    exec(code, mod.__dict__, mod.__dict__)
/var/folders/qq/x07bgd497ns6qd49kl9tlxl00000gr/T/torchinductor_dzwicker/eg/cegit3uwcllfs47pmmqked4jzcsgkgd3sl3flhk5f4mp5hecbijw.py:262: in <module>
    async_compile.wait(globals())
../../user/miniconda3/envs/py3.12/lib/python3.12/site-packages/torch/_inductor/async_compile.py:699: in wait
    self._wait_futures(scope)
../../user/miniconda3/envs/py3.12/lib/python3.12/site-packages/torch/_inductor/async_compile.py:719: in _wait_futures
    kernel = result.result()
             ^^^^^^^^^^^^^^^
../../user/miniconda3/envs/py3.12/lib/python3.12/site-packages/torch/_inductor/codecache.py:4361: in result
    return self.result_fn()
           ^^^^^^^^^^^^^^^^
../../user/miniconda3/envs/py3.12/lib/python3.12/site-packages/torch/_inductor/codecache.py:3237: in future
    result = get_result()
             ^^^^^^^^^^^^
../../user/miniconda3/envs/py3.12/lib/python3.12/site-packages/torch/_inductor/codecache.py:3020: in load_fn
    future.result()
../../user/miniconda3/envs/py3.12/lib/python3.12/concurrent/futures/_base.py:456: in result
    return self.__get_result()
           ^^^^^^^^^^^^^^^^^^^
../../user/miniconda3/envs/py3.12/lib/python3.12/concurrent/futures/_base.py:401: in __get_result
    raise self._exception
../../user/miniconda3/envs/py3.12/lib/python3.12/concurrent/futures/thread.py:59: in run
    result = self.fn(*self.args, **self.kwargs)
             ^^^^^^^^^^^^^^^^^^^^^^^^^^^^^^^^^^
../../user/miniconda3/envs/py3.12/lib/python3.12/site-packages/torch/_inductor/codecache.py:3050: in _worker_compile_cpp
    builder.build()
../../user/miniconda3/envs/py3.12/lib/python3.12/site-packages/torch/_inductor/cpp_builder.py:2146: in build
    run_compile_cmd(build_cmd, cwd=_build_tmp_dir)
../../user/miniconda3/envs/py3.12/lib/python3.12/site-packages/torch/_inductor/cpp_builder.py:638: in run_compile_cmd
    _run_compile_cmd(cmd_line, cwd)
_ _ _ _ _ _ _ _ _ _ _ _ _ _ _ _ _ _ _ _ _ _ _ _ _ _ _ _ _ _ _ _ _ _ _ _ _ _ _ _ 

cmd_line = 'clang++ /var/folders/qq/x07bgd497ns6qd49kl9tlxl00000gr/T/torchinductor_dzwicker/sz/cszcaeqmhuol5jvwayrlk3ose65gqokycx.../user/miniconda3/envs/py3.12/lib -L/Users/dzwicker/user/miniconda3/envs/py3.12/lib/python3.12/site-packages/torch/lib '
cwd = '/var/folders/qq/x07bgd497ns6qd49kl9tlxl00000gr/T/torchinductor_dzwicker/sz/cszcaeqmhuol5jvwayrlk3ose65gqokycxpfno5khrh7b4jplud7.main_CxxBuild'

    def _run_compile_cmd(cmd_line: str, cwd: str) -> None:
        cmd = shlex.split(cmd_line)
        try:
            subprocess.run(
                cmd, cwd=cwd, check=True, stdout=subprocess.PIPE, stderr=subprocess.STDOUT
            )
        except subprocess.CalledProcessError as e:
            output = e.stdout.decode(*SUBPROCESS_DECODE_ARGS)
            openmp_problem = "'omp.h' file not found" in output or "libomp" in output
            if openmp_problem and sys.platform == "darwin":
                instruction = (
                    "\n\nOpenMP support not found. Please try one of the following solutions:\n"
                    "(1) Set the `CXX` environment variable to a compiler other than Apple clang++/g++ "
                    "that has builtin OpenMP support;\n"
                    "(2) install OpenMP via conda: `conda install llvm-openmp`;\n"
                    "(3) install libomp via brew: `brew install libomp`;\n"
                    "(4) manually setup OpenMP and set the `OMP_PREFIX` environment variable to point to a path"
                    " with `include/omp.h` under it."
                )
                output += instruction
>           raise exc.CppCompileError(cmd, output) from e
E           torch._inductor.exc.InductorError: CppCompileError: C++ compile error
E           
E           Command:
E           clang++ /var/folders/qq/x07bgd497ns6qd49kl9tlxl00000gr/T/torchinductor_dzwicker/sz/cszcaeqmhuol5jvwayrlk3ose65gqokycxpfno5khrh7b4jplud7.main.cpp -D TORCH_INDUCTOR_CPP_WRAPPER -D STANDALONE_TORCH_HEADER -D C10_USING_CUSTOM_GENERATED_MACROS -D CPU_CAPABILITY_NEON -D AT_BUILD_ARM_VEC256_WITH_SLEEF -O3 -DNDEBUG -fno-trapping-math -funsafe-math-optimizations -ffinite-math-only -fno-signed-zeros -fno-math-errno -fno-finite-math-only -fno-unsafe-math-optimizations -ffp-contract=off -shared -fPIC -undefined dynamic_lookup -Wall -std=c++17 -Wno-unused-variable -Wno-unknown-pragmas -Werror=ignored-optimization-argument -Xclang -fopenmp -include /var/folders/qq/x07bgd497ns6qd49kl9tlxl00000gr/T/torchinductor_dzwicker/precompiled_headers/c6nnpjdoxysgultuy2mmibfhpxv5haj6zf5qxw6kqhofjlluq2bd.h -I/Users/dzwicker/user/miniconda3/envs/py3.12/include/python3.12 -I/Users/dzwicker/user/miniconda3/envs/py3.12/lib/python3.12/site-packages/torch/include -I/Users/dzwicker/user/miniconda3/envs/py3.12/lib/python3.12/site-packages/torch/include/torch/csrc/api/include -I/Users/dzwicker/user/miniconda3/envs/py3.12/include -o /var/folders/qq/x07bgd497ns6qd49kl9tlxl00000gr/T/torchinductor_dzwicker/sz/cszcaeqmhuol5jvwayrlk3ose65gqokycxpfno5khrh7b4jplud7.main.so -lomp -L/Users/dzwicker/user/miniconda3/envs/py3.12/lib -L/Users/dzwicker/user/miniconda3/envs/py3.12/lib/python3.12/site-packages/torch/lib
E           
E           Output:
E           fatal error: file '/var/folders/qq/x07bgd497ns6qd49kl9tlxl00000gr/T/torchinductor_dzwicker/precompiled_headers/c6nnpjdoxysgultuy2mmibfhpxv5haj6zf5qxw6kqhofjlluq2bd.h' has been modified since the precompiled header '/var/folders/qq/x07bgd497ns6qd49kl9tlxl00000gr/T/torchinductor_dzwicker/precompiled_headers/c6nnpjdoxysgultuy2mmibfhpxv5haj6zf5qxw6kqhofjlluq2bd.h.pch' was built: mtime changed (was 1777968080, now 1778312364)
E           note: please rebuild precompiled file '/var/folders/qq/x07bgd497ns6qd49kl9tlxl00000gr/T/torchinductor_dzwicker/precompiled_headers/c6nnpjdoxysgultuy2mmibfhpxv5haj6zf5qxw6kqhofjlluq2bd.h.pch'
E           1 error generated.
E           
E           
E           Set TORCHDYNAMO_VERBOSE=1 for the internal stack trace (please do this especially if you're reporting a bug to PyTorch). For even more developer context, set TORCH_LOGS="+dynamo"

../../user/miniconda3/envs/py3.12/lib/python3.12/site-packages/torch/_inductor/cpp_builder.py:633: InductorError
=============================== warnings summary ===============================
tests/test_integration.py: 14 warnings
  /Users/dzwicker/user/miniconda3/envs/py3.12/lib/python3.12/site-packages/torch/jit/_script.py:365: DeprecationWarning: `torch.jit.script_method` is deprecated. Please switch to `torch.compile` or `torch.export`.
    warnings.warn(

-- Docs: https://docs.pytest.org/en/stable/how-to/capture-warnings.html
=========================== short test summary info ============================
FAILED tests/test_integration.py::test_pde_with_bc_setter[torch-cpu] - torch....
======================== 1 failed, 14 warnings in 4.43s ========================
